#
# A fatal error has been detected by the Java Runtime Environment:
#
#  EXCEPTION_ACCESS_VIOLATION (0xc0000005) at pc=0x00007ffcca9ab741, pid=14424, tid=15452
#
# JRE version: Java(TM) SE Runtime Environment (24.0.2+12) (build 24.0.2+12-54)
# Java VM: Java HotSpot(TM) 64-Bit Server VM (24.0.2+12-54, mixed mode, sharing, tiered, compressed oops, compressed class ptrs, g1 gc, windows-amd64)
# Problematic frame:
# C  [awt.dll+0xdb741]
#
# No core dump will be written. Minidumps are not enabled by default on client versions of Windows
#
# If you would like to submit a bug report, please visit:
#   https://bugreport.java.com/bugreport/crash.jsp
# The crash happened outside the Java Virtual Machine in native code.
# See problematic frame for where to report the bug.
#

---------------  S U M M A R Y ------------

Command Line: -Dfile.encoding=UTF-8 --module-path=C:\Users\Admin\Documents\NetBeansProjects\CHDT\build\classes TEST.MainApplication

Host: Intel(R) Core(TM) i5-8265U CPU @ 1.60GHz, 8 cores, 7G,  Windows 11 , 64 bit Build 26100 (10.0.26100.7705)
Time: Sat Mar 21 23:22:13 2026 SE Asia Standard Time elapsed time: 148.445026 seconds (0d 0h 2m 28s)

---------------  T H R E A D  ---------------

Current thread (0x000001615f0552b0):  JavaThread "AWT-Windows" daemon [_thread_in_native, id=15452, stack(0x00000053a8700000,0x00000053a8800000) (1024K)]

Stack: [0x00000053a8700000,0x00000053a8800000],  sp=0x00000053a87fe7a0,  free space=1017k
Native frames: (J=compiled Java code, j=interpreted, Vv=VM code, C=native code)
C  [awt.dll+0xdb741]  (no source info available)
C  [awt.dll+0x9768c]  (no source info available)
C  [awt.dll+0x97736]  (no source info available)
C  [awt.dll+0x94b06]  (no source info available)
C  [awt.dll+0xdfb2c]  (no source info available)
C  [awt.dll+0xb0b5d]  (no source info available)
C  [awt.dll+0x97c6d]  (no source info available)
C  [USER32.dll+0x16b46]  (no source info available)
C  [USER32.dll+0x1660c]  (no source info available)
C  [awt.dll+0x16273]  (no source info available)
C  [COMCTL32.dll+0x2cec8]  (no source info available)
C  [COMCTL32.dll+0x2cc9f]  (no source info available)
C  [USER32.dll+0x16b46]  (no source info available)
C  [USER32.dll+0x1660c]  (no source info available)
C  [flatlaf-windows-x86_64-6460840518136000.dll+0x1899]  (no source info available)
C  [flatlaf-windows-x86_64-6460840518136000.dll+0x1489]  (no source info available)
C  [USER32.dll+0x16b46]  (no source info available)
C  [USER32.dll+0x1459d]  (no source info available)
C  [awt.dll+0xd4d8e]  (no source info available)
C  [awt.dll+0xd6b82]  (no source info available)
C  0x000001610fd1ce20  (no source info available)

The last pc belongs to native method entry point (kind = native) (printed below).
Java frames: (J=compiled Java code, j=interpreted, Vv=VM code)
j  sun.awt.windows.WToolkit.eventLoop()V+0 java.desktop@24.0.2
j  sun.awt.windows.WToolkit.run()V+56 java.desktop@24.0.2
j  java.lang.Thread.runWith(Ljava/lang/Object;Ljava/lang/Runnable;)V+5 java.base@24.0.2
j  java.lang.Thread.run()V+19 java.base@24.0.2
v  ~StubRoutines::call_stub 0x000001610fd10fcd

siginfo: EXCEPTION_ACCESS_VIOLATION (0xc0000005), reading address 0x0000000000000008


Registers:
RAX=0x0000000000000000, RBX=0x00000161602de730, RCX=0x0000000000000000, RDX=0x0000000000000000
RSP=0x00000053a87fe7a0, RBP=0x00000053a87fe8a9, RSI=0xffffffffc201085b, RDI=0x0000000000000000
R8 =0x0000000000000001, R9 =0x00000053a6feb000, R10=0x0000000000000000, R11=0x0000000000000246
R12=0x0000000000000000, R13=0x0000000000000310, R14=0x0000000000000000, R15=0x0000000000000000
RIP=0x00007ffcca9ab741, EFLAGS=0x0000000000010246

XMM[0]=0x0000000000000000 0x0000000000000000
XMM[1]=0x0000000000000000 0x0000000000000000
XMM[2]=0x0000000000000000 0x0000000000000000
XMM[3]=0x0000000000000000 0x0000000000000000
XMM[4]=0x0000000000000000 0x0000000000000000
XMM[5]=0x0000000000000000 0x0000000000000000
XMM[6]=0x0000000000000000 0x0000000000000000
XMM[7]=0x0000000000000000 0x0000000000000000
XMM[8]=0x0000000000000000 0x0000000000000000
XMM[9]=0x0000000000000000 0x0000000000000000
XMM[10]=0x0000000000000000 0x0000000000000000
XMM[11]=0x0000000000000000 0x0000000000000000
XMM[12]=0x0000000000000000 0x0000000000000000
XMM[13]=0x0000000000000000 0x0000000000000000
XMM[14]=0x0000000000000000 0x0000000000000000
XMM[15]=0x0000000000000000 0x0000000000000000
  MXCSR=0x00001fa0


Register to memory mapping:

RAX=0x0 is null
RBX=0x00000161602de730 points into unknown readable memory: 0x00000161199b4570 | 70 45 9b 19 61 01 00 00
RCX=0x0 is null
RDX=0x0 is null
RSP=0x00000053a87fe7a0 is pointing into the stack for thread: 0x000001615f0552b0
RBP=0x00000053a87fe8a9 is pointing into the stack for thread: 0x000001615f0552b0
RSI=0xffffffffc201085b is an unknown value
RDI=0x0 is null
R8 =0x0000000000000001 is an unknown value
R9 =0x00000053a6feb000 points into unknown readable memory: 0x0000000000000000 | 00 00 00 00 00 00 00 00
R10=0x0 is null
R11=0x0000000000000246 is an unknown value
R12=0x0 is null
R13=0x0000000000000310 is an unknown value
R14=0x0 is null
R15=0x0 is null

Top of Stack: (sp=0x00000053a87fe7a0)
0x00000053a87fe7a0:   00007ffccaa07838 ffffffffc201085b   8x......[.......
0x00000053a87fe7b0:   0000000000000000 0000000000000000   ................
0x00000053a87fe7c0:   0000000000000000 00007ffcca96768c   .........v......
0x00000053a87fe7d0:   ffffffffc201085b 000001616004d2a0   [..........`a...
0x00000053a87fe7e0:   00000161602de730 00000161796996c0   0.-`a.....iya...
0x00000053a87fe7f0:   0000000000000000 00007ffcca967736   ........6w......
0x00000053a87fe800:   000001616004d2a0 00007ffcca8d0000   ...`a...........
0x00000053a87fe810:   00000053a87fe908 00007ffd40b9cec8   ....S......@....
0x00000053a87fe820:   0000000000000000 00007ffcca964b06   .........K......
0x00000053a87fe830:   000001616004d2a0 0000000000000000   ...`a...........
0x00000053a87fe840:   00007ffcca967c10 00007ffd590ba3ee   .|.........Y....
0x00000053a87fe850:   0000000000000000 00007ffd5726fcf9   ..........&W....
0x00000053a87fe860:   00000053a87fe900 0000000000000001   ....S...........
0x00000053a87fe870:   0000000000000000 00000053a87fe908   ............S...
0x00000053a87fe880:   0000000000000000 0000000000000000   ................
0x00000053a87fe890:   0000000000000000 000001615f055678   ........xV._a...
0x00000053a87fe8a0:   000001616004d340 0000000000000000   @..`a...........
0x00000053a87fe8b0:   0000000000000000 000073316f96bdd5   ...........o1s..
0x00000053a87fe8c0:   0000000000000000 0000000000000000   ................
0x00000053a87fe8d0:   0000000000000000 0000000000000000   ................
0x00000053a87fe8e0:   0000000000000000 0000000000000310   ................
0x00000053a87fe8f0:   0000000000000000 000001616004d2a0   ...........`a...
0x00000053a87fe900:   000001616004d2a0 00007ffcca9afb2c   ...`a...,.......
0x00000053a87fe910:   0000000000000000 00005f9db623d988   ..........#.._..
0x00000053a87fe920:   0000d5cb100072e0 0000000000000022   .r......".......
0x00000053a87fe930:   000000000000c193 0000000000000000   ................
0x00000053a87fe940:   0000000000000000 00007ffd57246d19   .........m$W....
0x00000053a87fe950:   0000000000000000 0000000000000001   ................
0x00000053a87fe960:   0000000000000022 00007ffd590aa6af   "..........Y....
0x00000053a87fe970:   00000000002b04b6 00007ffd5724802a   ..+.....*.$W....
0x00000053a87fe980:   ffffffffffffffeb 000073316f96bcf5   ...........o1s..
0x00000053a87fe990:   0000016179bc5160 0000000000000000   `Q.ya...........

Instructions: (pc=0x00007ffcca9ab741)
  0x00007ffcca9ab641:   83 ec 28 66 0f 6e c2 0f 5b c0 f3 0f 59 41 48 0f
  0x00007ffcca9ab651:   5a c8 f2 0f 10 05 1d 35 03 00 f2 0f 5c 0d a5 35
  0x00007ffcca9ab661:   01 00 66 0f 2f c1 76 0a b8 00 00 00 80 48 83 c4
  0x00007ffcca9ab671:   28 c3 66 0f 2f 0d 25 7f 02 00 76 0a b8 ff ff ff
  0x00007ffcca9ab681:   7f 48 83 c4 28 c3 0f 28 c1 e8 af fb 00 00 f2 0f
  0x00007ffcca9ab691:   2c c0 48 83 c4 28 c3 cc cc cc cc cc cc cc cc 48
  0x00007ffcca9ab6a1:   83 ec 28 66 0f 6e c2 0f 5b c0 f3 0f 59 41 4c 0f
  0x00007ffcca9ab6b1:   5a c8 f2 0f 10 05 bd 34 03 00 f2 0f 5c 0d 45 35
  0x00007ffcca9ab6c1:   01 00 66 0f 2f c1 76 0a b8 00 00 00 80 48 83 c4
  0x00007ffcca9ab6d1:   28 c3 66 0f 2f 0d c5 7e 02 00 76 0a b8 ff ff ff
  0x00007ffcca9ab6e1:   7f 48 83 c4 28 c3 0f 28 c1 e8 4f fb 00 00 f2 0f
  0x00007ffcca9ab6f1:   2c c0 48 83 c4 28 c3 cc cc cc cc cc cc cc cc 48
  0x00007ffcca9ab701:   8b 49 08 48 85 c9 0f 85 93 81 fe ff 33 c0 c3 48
  0x00007ffcca9ab711:   89 5c 24 08 48 89 74 24 10 57 48 83 ec 20 8b fa
  0x00007ffcca9ab721:   48 8b f1 e8 27 c6 f4 ff 48 8b d8 48 89 44 24 40
  0x00007ffcca9ab731:   41 b8 01 00 00 00 8b d7 48 8b c8 e8 8f c5 f4 ff
=>0x00007ffcca9ab741:   48 8b 48 08 48 85 c9 74 0d 48 8b d6 e8 4e 81 fe
  0x00007ffcca9ab751:   ff 48 8b f8 eb 02 33 ff 48 8b cb e8 af c7 f4 ff
  0x00007ffcca9ab761:   90 48 8b c7 48 8b 5c 24 30 48 8b 74 24 38 48 83
  0x00007ffcca9ab771:   c4 20 5f c3 cc cc cc cc cc cc cc cc cc cc cc 48
  0x00007ffcca9ab781:   8b 01 89 10 c3 cc cc cc cc cc cc cc cc cc cc 40
  0x00007ffcca9ab791:   57 48 83 ec 40 48 83 79 38 00 48 8b f9 0f 84 96
  0x00007ffcca9ab7a1:   01 00 00 48 8b 0d 45 86 06 00 ba 02 00 01 00 48
  0x00007ffcca9ab7b1:   89 5c 24 58 48 89 74 24 68 e8 50 c5 00 00 4c 8b
  0x00007ffcca9ab7c1:   05 72 8b 06 00 48 8b c8 48 8b 57 38 48 8b d8 4c
  0x00007ffcca9ab7d1:   8b 08 41 ff 91 f8 02 00 00 48 8b f0 48 85 c0 0f
  0x00007ffcca9ab7e1:   84 4a 01 00 00 4c 8b 0b 48 8b d0 4c 8b 05 35 8b
  0x00007ffcca9ab7f1:   06 00 48 8b cb 41 ff 91 00 01 00 00 84 c0 0f 84
  0x00007ffcca9ab801:   2b 01 00 00 48 8b 7f 08 48 8b d6 48 8b 03 48 8b
  0x00007ffcca9ab811:   cb 4c 8b 05 27 8b 06 00 48 81 c7 00 04 00 00 48
  0x00007ffcca9ab821:   89 6c 24 60 4c 89 64 24 38 ff 90 f8 02 00 00 4c
  0x00007ffcca9ab831:   8b 0b 48 8b d6 4c 8b 05 0b 8b 06 00 48 8b cb 4c


Stack slot to memory mapping:

stack at sp + 0 slots: 0x00007ffccaa07838 awt.dll
stack at sp + 1 slots: 0xffffffffc201085b is an unknown value
stack at sp + 2 slots: 0x0 is null
stack at sp + 3 slots: 0x0 is null
stack at sp + 4 slots: 0x0 is null
stack at sp + 5 slots: 0x00007ffcca96768c awt.dll
stack at sp + 6 slots: 0xffffffffc201085b is an unknown value
stack at sp + 7 slots: 0x000001616004d2a0 points into unknown readable memory: 0x00007ffcca9da860 | 60 a8 9d ca fc 7f 00 00

Lock stack of current Java thread (top to bottom):

native method entry point (kind = native)  [0x000001610fd1ca40, 0x000001610fd1d478]  2616 bytes
[MachCode]
  0x000001610fd1ca40: 488b 4b08 | 0fb7 492e | 584c 8d74 | ccf8 6800 | 0000 0068 | 0000 0000 | 5055 488b | ec41 5568 
  0x000001610fd1ca60: 0000 0000 | 4c8b 6b08 | 4d8d 6d38 | 5348 8b53 | 0848 8b52 | 0848 8b52 | 1848 8b52 | 7048 8b12 
  0x000001610fd1ca80: 5248 8b53 | 1048 85d2 | 0f84 0700 | 0000 4881 | c208 0100 | 0052 488b | 5308 488b | 5208 488b 
  0x000001610fd1caa0: 5210 5249 | 8bc6 482b | c548 c1e8 | 0350 6800 | 0000 0068 | f7ff ffff | 41c6 8771 | 0400 0001 
  0x000001610fd1cac0: 488b 4310 | 4885 c074 | 208b 88cc | 0000 0083 | c102 8988 | cc00 0000 | 2388 e000 | 0000 0f84 
  0x000001610fd1cae0: e408 0000 | e9cd 0000 | 0048 8b43 | 1848 85c0 | 0f85 b000 | 0000 e805 | 0000 00e9 | 9900 0000 
  0x000001610fd1cb00: 488b d348 | 8d44 2408 | 4c89 6dc0 | 498b cfc5 | f877 4989 | afb8 0300 | 0049 8987 | a803 0000 
  0x000001610fd1cb20: 4883 ec20 | 40f6 c40f | 0f84 1900 | 0000 4883 | ec08 48b8 | a02f eec9 | fc7f 0000 | ffd0 4883 
  0x000001610fd1cb40: c408 e90c | 0000 0048 | b8a0 2fee | c9fc 7f00 | 00ff d048 | 83c4 2049 | c787 a803 | 0000 0000 
  0x000001610fd1cb60: 0000 49c7 | 87b8 0300 | 0000 0000 | 0049 c787 | b003 0000 | 0000 0000 | c5f8 7749 | 837f 0800 
  0x000001610fd1cb80: 0f84 0500 | 0000 e935 | 43ff ff4c | 8b6d c04c | 8b75 c84e | 8d74 f500 | c348 8b43 | 1848 85c0 
  0x000001610fd1cba0: 0f84 1000 | 0000 8b08 | 83c1 0289 | 0823 4814 | 0f84 1208 | 0000 493b | a7f0 0400 | 000f 8748 
  0x000001610fd1cbc0: 0000 0089 | 8424 00f0 | ffff 8984 | 2400 e0ff | ff89 8424 | 00d0 ffff | 8984 2400 | c0ff ff89 
  0x000001610fd1cbe0: 8424 00b0 | ffff 8984 | 2400 a0ff | ff89 8424 | 0090 ffff | 8984 2400 | 80ff ff49 | 3ba7 e804 
  0x000001610fd1cc00: 0000 7607 | 4989 a7f0 | 0400 0041 | c687 7104 | 0000 0048 | 8b5d e84c | 8b5b 0845 | 0fb7 5b2e 
  0x000001610fd1cc20: 41c1 e303 | 492b e348 | 83ec 2048 | 83e4 f04c | 8b5b 604d | 85db 0f85 | ab00 0000 | e805 0000 
  0x000001610fd1cc40: 00e9 9900 | 0000 488b | d348 8d44 | 2408 4c89 | 6dc0 498b | cfc5 f877 | 4989 afb8 | 0300 0049 
  0x000001610fd1cc60: 8987 a803 | 0000 4883 | ec20 40f6 | c40f 0f84 | 1900 0000 | 4883 ec08 | 48b8 e059 | eec9 fc7f 
  0x000001610fd1cc80: 0000 ffd0 | 4883 c408 | e90c 0000 | 0048 b8e0 | 59ee c9fc | 7f00 00ff | d048 83c4 | 2049 c787 
  0x000001610fd1cca0: a803 0000 | 0000 0000 | 49c7 87b8 | 0300 0000 | 0000 0049 | c787 b003 | 0000 0000 | 0000 c5f8 
  0x000001610fd1ccc0: 7749 837f | 0800 0f84 | 0500 0000 | e9ef 41ff | ff4c 8b6d | c04c 8b75 | c84e 8d74 | f500 c348 
  0x000001610fd1cce0: 8b5d e84c | 8b5b 6041 | ffd3 488b | 5de8 4889 | 4518 448b | 5b28 41f6 | c308 0f84 | 1b00 0000 
  0x000001610fd1cd00: 4c8b 5b08 | 4d8b 5b08 | 4d8b 5b18 | 4d8b 5b70 | 4d8b 1b4c | 895d 1048 | 8d55 1048 | 8b43 5849 
  0x000001610fd1cd20: baf0 7227 | cafc 7f00 | 0049 3bc2 | 0f85 ab00 | 0000 e805 | 0000 00e9 | 9900 0000 | 488b d348 
  0x000001610fd1cd40: 8d44 2408 | 4c89 6dc0 | 498b cfc5 | f877 4989 | afb8 0300 | 0049 8987 | a803 0000 | 4883 ec20 
  0x000001610fd1cd60: 40f6 c40f | 0f84 1900 | 0000 4883 | ec08 48b8 | e059 eec9 | fc7f 0000 | ffd0 4883 | c408 e90c 
  0x000001610fd1cd80: 0000 0048 | b8e0 59ee | c9fc 7f00 | 00ff d048 | 83c4 2049 | c787 a803 | 0000 0000 | 0000 49c7 
  0x000001610fd1cda0: 87b8 0300 | 0000 0000 | 0049 c787 | b003 0000 | 0000 0000 | c5f8 7749 | 837f 0800 | 0f84 0500 
  0x000001610fd1cdc0: 0000 e9f9 | 40ff ff4c | 8b6d c04c | 8b75 c84e | 8d74 f500 | c348 8b5d | e848 8b43 | 5849 8d8f 
  0x000001610fd1cde0: c803 0000 | 4c8d 15d5 | 0000 004d | 8997 b003 | 0000 c5f8 | 7749 89af | b803 0000 | 4989 a7a8 
  0x000001610fd1ce00: 0300 0041 | c787 5404 | 0000 0400 | 0000 493b | a748 0500 | 0076 0749 | 89a7 4805 | 0000 ffd0 
  0x000001610fd1ce20: 493b a748 | 0500 0072 | 0b49 c787 | 4805 0000 | 0000 0000 | c5f8 7748 | 83ec 10c5 | fb11 0424 
  0x000001610fd1ce40: 4883 ec10 | 4889 0424 | 48c7 4424 | 0800 0000 | 0041 c787 | 5404 0000 | 0500 0000 | f083 4424 
  0x000001610fd1ce60: c000 493b | 6f28 0f87 | 0e00 0000 | 4183 bf50 | 0400 0000 | 0f84 2000 | 0000 498b | cf4c 8be4 
  0x000001610fd1ce80: 4883 ec20 | 4883 e4f0 | 48b8 10b9 | efc9 fc7f | 0000 ffd0 | 498b e44d | 33e4 41c7 | 8754 0400 
  0x000001610fd1cea0: 0008 0000 | 004d 8b97 | 7005 0000 | 4983 fa00 | 7435 49c7 | 8770 0500 | 0000 0000 | 0041 ffe2 
  0x000001610fd1cec0: 49ba 00bb | d10f 6101 | 0000 41ff | d248 83ec | 10c5 fb11 | 0424 4883 | ec10 4889 | 0424 48c7 
  0x000001610fd1cee0: 4424 0800 | 0000 0049 | c787 a803 | 0000 0000 | 0000 49c7 | 87b8 0300 | 0000 0000 | 0049 c787 
  0x000001610fd1cf00: b003 0000 | 0000 0000 | c5f8 774d | 8b9f 3804 | 0000 41c7 | 8300 0100 | 0000 0000 | 0049 bb3a 
  0x000001610fd1cf20: a4d1 0f61 | 0100 004c | 3b5d 180f | 8555 0100 | 0048 8b04 | 2448 83c4 | 1048 85c0 | 0f84 2f01 
  0x000001610fd1cf40: 0000 a803 | 0f85 0800 | 0000 488b | 00e9 1f01 | 0000 a801 | 0f85 0900 | 0000 488b | 40fe e90e 
  0x000001610fd1cf60: 0100 0048 | 8b40 ff41 | 807f 4800 | 0f84 ff00 | 0000 4883 | f800 0f84 | f500 0000 | 4d8b 5f38 
  0x000001610fd1cf80: 4d85 db0f | 8414 0000 | 0049 83eb | 084d 895f | 384d 035f | 4049 8903 | e9d4 0000 | 0048 83ec 
  0x000001610fd1cfa0: 7048 8904 | 2448 894c | 2408 4889 | 5424 104c | 8944 2418 | 4c89 4c24 | 204c 8954 | 2428 4c89 
  0x000001610fd1cfc0: 5c24 30c5 | fb11 4424 | 40c5 fb11 | 4c24 48c5 | fb11 5424 | 50c5 fb11 | 5c24 58c5 | fb11 6424 
  0x000001610fd1cfe0: 60c5 fb11 | 6c24 6849 | 8bd7 488b | c848 83ec | 2040 f6c4 | 0f0f 8419 | 0000 0048 | 83ec 0848 
  0x000001610fd1d000: b850 49e2 | c9fc 7f00 | 00ff d048 | 83c4 08e9 | 0c00 0000 | 48b8 5049 | e2c9 fc7f | 0000 ffd0 
  0x000001610fd1d020: 4883 c420 | c5fb 106c | 2468 c5fb | 1064 2460 | c5fb 105c | 2458 c5fb | 1054 2450 | c5fb 104c 
  0x000001610fd1d040: 2448 c5fb | 1044 2440 | 4c8b 5c24 | 304c 8b54 | 2428 4c8b | 4c24 204c | 8b44 2418 | 488b 5424 
  0x000001610fd1d060: 1048 8b4c | 2408 488b | 0424 4883 | c470 c5f8 | 7748 8945 | 1048 83ec | 1048 8904 | 2448 c744 
  0x000001610fd1d080: 2408 0000 | 0000 4183 | bfd0 0400 | 0002 0f85 | bf00 0000 | 4881 ec80 | 0000 0048 | 8944 2478 
  0x000001610fd1d0a0: 4889 4c24 | 7048 8954 | 2468 4889 | 5c24 6048 | 896c 2450 | 4889 7424 | 4848 897c | 2440 4c89 
  0x000001610fd1d0c0: 4424 384c | 894c 2430 | 4c89 5424 | 284c 895c | 2420 4c89 | 6424 184c | 896c 2410 | 4c89 7424 
  0x000001610fd1d0e0: 084c 893c | 244c 8be4 | 4883 ec20 | 4883 e4f0 | 48b8 8059 | 27ca fc7f | 0000 ffd0 | 498b e44c 
  0x000001610fd1d100: 8b3c 244c | 8b74 2408 | 4c8b 6c24 | 104c 8b64 | 2418 4c8b | 5c24 204c | 8b54 2428 | 4c8b 4c24 
  0x000001610fd1d120: 304c 8b44 | 2438 488b | 7c24 4048 | 8b74 2448 | 488b 6c24 | 5048 8b5c | 2460 488b | 5424 6848 
  0x000001610fd1d140: 8b4c 2470 | 488b 4424 | 7848 81c4 | 8000 0000 | 4d33 e448 | 8b5d e84c | 8b6b 084d | 8d6d 3849 
  0x000001610fd1d160: 837f 0800 | 0f84 bb00 | 0000 e805 | 0000 00e9 | 9600 0000 | 488d 4424 | 084c 896d | c049 8bcf 
  0x000001610fd1d180: c5f8 7749 | 89af b803 | 0000 4989 | 87a8 0300 | 0048 83ec | 2040 f6c4 | 0f0f 8419 | 0000 0048 
  0x000001610fd1d1a0: 83ec 0848 | b880 78ee | c9fc 7f00 | 00ff d048 | 83c4 08e9 | 0c00 0000 | 48b8 8078 | eec9 fc7f 
  0x000001610fd1d1c0: 0000 ffd0 | 4883 c420 | 49c7 87a8 | 0300 0000 | 0000 0049 | c787 b803 | 0000 0000 | 0000 49c7 
  0x000001610fd1d1e0: 87b0 0300 | 0000 0000 | 00c5 f877 | 4983 7f08 | 000f 8405 | 0000 00e9 | c43c ffff | 4c8b 6dc0 
  0x000001610fd1d200: 4c8b 75c8 | 4e8d 74f5 | 00c3 48b9 | 08ec 4dca | fc7f 0000 | 4883 e4f0 | 48b8 00a9 | 14ca fc7f 
  0x000001610fd1d220: 0000 ffd0 | f444 8b5b | 2841 f6c3 | 200f 8472 | 0100 0048 | 8d55 a84c | 8b5a 084d | 85db 0f85 
  0x000001610fd1d240: bb00 0000 | e805 0000 | 00e9 9600 | 0000 488d | 4424 084c | 896d c049 | 8bcf c5f8 | 7749 89af 
  0x000001610fd1d260: b803 0000 | 4989 87a8 | 0300 0048 | 83ec 2040 | f6c4 0f0f | 8419 0000 | 0048 83ec | 0848 b8b0 
  0x000001610fd1d280: 77ee c9fc | 7f00 00ff | d048 83c4 | 08e9 0c00 | 0000 48b8 | b077 eec9 | fc7f 0000 | ffd0 4883 
  0x000001610fd1d2a0: c420 49c7 | 87a8 0300 | 0000 0000 | 0049 c787 | b803 0000 | 0000 0000 | 49c7 87b0 | 0300 0000 
  0x000001610fd1d2c0: 0000 00c5 | f877 4983 | 7f08 000f | 8405 0000 | 00e9 ea3b | ffff 4c8b | 6dc0 4c8b | 75c8 4e8d 
  0x000001610fd1d2e0: 74f5 00c3 | 48b9 08ec | 4dca fc7f | 0000 4883 | e4f0 48b8 | 00a9 14ca | fc7f 0000 | ffd0 f44c 
  0x000001610fd1d300: 896d c04c | 8b4a 0848 | c742 0800 | 0000 0045 | 8b87 5806 | 0000 4f3b | 4c07 f80f | 8542 0000 
  0x000001610fd1d320: 0041 83af | 5806 0000 | 084f 3b4c | 07f0 0f84 | 2a00 0000 | 498b 01a8 | 020f 8512 | 0000 004c 
  0x000001610fd1d340: 8bc0 4983 | c801 f04d | 0fb1 010f | 840d 0000 | 0041 8387 | 5806 0000 | 08e9 0500 | 0000 e93e 
  0x000001610fd1d360: 0000 004c | 894a 0848 | 8bca 4883 | ec20 40f6 | c40f 0f84 | 1900 0000 | 4883 ec08 | 48b8 d049 
  0x000001610fd1d380: eec9 fc7f | 0000 ffd0 | 4883 c408 | e90c 0000 | 0048 b8d0 | 49ee c9fc | 7f00 00ff | d048 83c4 
  0x000001610fd1d3a0: 204c 8b6d | c048 8b04 | 2448 83c4 | 10c5 fb10 | 0424 4883 | c410 4c8b | 5d18 41ff | d34c 8b5d 
  0x000001610fd1d3c0: f8c9 5f49 | 8be3 ffe7 | ba00 0000 | 00e8 0500 | 0000 e996 | 0000 0048 | 8d44 2408 | 4c89 6dc0 
  0x000001610fd1d3e0: 498b cfc5 | f877 4989 | afb8 0300 | 0049 8987 | a803 0000 | 4883 ec20 | 40f6 c40f | 0f84 1900 
  0x000001610fd1d400: 0000 4883 | ec08 48b8 | 703e eec9 | fc7f 0000 | ffd0 4883 | c408 e90c | 0000 0048 | b870 3eee 
  0x000001610fd1d420: c9fc 7f00 | 00ff d048 | 83c4 2049 | c787 a803 | 0000 0000 | 0000 49c7 | 87b8 0300 | 0000 0000 
  0x000001610fd1d440: 0049 c787 | b003 0000 | 0000 0000 | c5f8 7749 | 837f 0800 | 0f84 0500 | 0000 e961 | 3aff ff4c 
  0x000001610fd1d460: 8b6d c04c | 8b75 c84e | 8d74 f500 | c348 8b5d | e8e9 40f7 | ffff 6690 
[/MachCode]

---------------  P R O C E S S  ---------------

Threads class SMR info:
_java_thread_list=0x00000161199d4a40, length=17, elements={
0x000001617e9f9470, 0x000001617e9fbdc0, 0x000001617e9ff840, 0x000001617e9fe250,
0x000001617e9ff0f0, 0x000001617e9fff90, 0x00000161197f88f0, 0x00000161198196e0,
0x000001617e9fe9a0, 0x000001617ea006e0, 0x000001617e9fd3b0, 0x000001617e9fdb00,
0x000001615f0552b0, 0x000001615f055a00, 0x000001615f056150, 0x000001615f05aa70,
0x000001615f057e90
}

Java Threads: ( => current thread )
  0x000001617e9f9470 JavaThread "Reference Handler"          daemon [_thread_blocked, id=6220, stack(0x00000053a7b00000,0x00000053a7c00000) (1024K)]
  0x000001617e9fbdc0 JavaThread "Finalizer"                  daemon [_thread_blocked, id=17664, stack(0x00000053a7c00000,0x00000053a7d00000) (1024K)]
  0x000001617e9ff840 JavaThread "Signal Dispatcher"          daemon [_thread_blocked, id=13228, stack(0x00000053a7d00000,0x00000053a7e00000) (1024K)]
  0x000001617e9fe250 JavaThread "Attach Listener"            daemon [_thread_blocked, id=15880, stack(0x00000053a7e00000,0x00000053a7f00000) (1024K)]
  0x000001617e9ff0f0 JavaThread "Service Thread"             daemon [_thread_blocked, id=6348, stack(0x00000053a7f00000,0x00000053a8000000) (1024K)]
  0x000001617e9fff90 JavaThread "Monitor Deflation Thread"   daemon [_thread_blocked, id=4456, stack(0x00000053a8000000,0x00000053a8100000) (1024K)]
  0x00000161197f88f0 JavaThread "C2 CompilerThread0"         daemon [_thread_blocked, id=11472, stack(0x00000053a8100000,0x00000053a8200000) (1024K)]
  0x00000161198196e0 JavaThread "C1 CompilerThread0"         daemon [_thread_blocked, id=3012, stack(0x00000053a8200000,0x00000053a8300000) (1024K)]
  0x000001617e9fe9a0 JavaThread "Common-Cleaner"             daemon [_thread_blocked, id=13844, stack(0x00000053a8300000,0x00000053a8400000) (1024K)]
  0x000001617ea006e0 JavaThread "Notification Thread"        daemon [_thread_blocked, id=9968, stack(0x00000053a8400000,0x00000053a8500000) (1024K)]
  0x000001617e9fd3b0 JavaThread "Java2D Disposer"            daemon [_thread_blocked, id=16296, stack(0x00000053a8500000,0x00000053a8600000) (1024K)]
  0x000001617e9fdb00 JavaThread "AWT-Shutdown"                      [_thread_blocked, id=12188, stack(0x00000053a8600000,0x00000053a8700000) (1024K)]
=>0x000001615f0552b0 JavaThread "AWT-Windows"                daemon [_thread_in_native, id=15452, stack(0x00000053a8700000,0x00000053a8800000) (1024K)]
  0x000001615f055a00 JavaThread "AWT-EventQueue-0"                  [_thread_blocked, id=11352, stack(0x00000053a8b00000,0x00000053a8c00000) (1024K)]
  0x000001615f056150 JavaThread "DestroyJavaVM"                     [_thread_blocked, id=10160, stack(0x00000053a7300000,0x00000053a7400000) (1024K)]
  0x000001615f05aa70 JavaThread "TimerQueue"                 daemon [_thread_blocked, id=7636, stack(0x00000053a8900000,0x00000053a8a00000) (1024K)]
  0x000001615f057e90 JavaThread "mysql-cj-abandoned-connection-cleanup" daemon [_thread_blocked, id=2832, stack(0x00000053a8800000,0x00000053a8900000) (1024K)]
Total: 17

Other Threads:
  0x000001617e9e15f0 VMThread "VM Thread"                           [id=14684, stack(0x00000053a7a00000,0x00000053a7b00000) (1024K)]
  0x000001617e9cc900 WatcherThread "VM Periodic Task Thread"        [id=4700, stack(0x00000053a7900000,0x00000053a7a00000) (1024K)]
  0x000001617b7fee00 WorkerThread "GC Thread#0"                     [id=15528, stack(0x00000053a7400000,0x00000053a7500000) (1024K)]
  0x000001617b814570 ConcurrentGCThread "G1 Main Marker"            [id=3968, stack(0x00000053a7500000,0x00000053a7600000) (1024K)]
  0x000001617b815820 WorkerThread "G1 Conc#0"                       [id=9908, stack(0x00000053a7600000,0x00000053a7700000) (1024K)]
  0x000001617b86e5b0 ConcurrentGCThread "G1 Refine#0"               [id=6108, stack(0x00000053a7700000,0x00000053a7800000) (1024K)]
  0x000001617e888fa0 ConcurrentGCThread "G1 Service"                [id=5868, stack(0x00000053a7800000,0x00000053a7900000) (1024K)]
Total: 7

Threads with active compile tasks:
Total: 0

VM state: not at safepoint (normal execution)

VM Mutex/Monitor currently owned by a thread: None

Heap address: 0x0000000083200000, size: 1998 MB, Compressed Oops mode: 32-bit

CDS archive(s) mapped at: [0x000001611a000000-0x000001611ad40000-0x000001611ad40000), size 13893632, SharedBaseAddress: 0x000001611a000000, ArchiveRelocationMode: 1.
Compressed class space mapped at: 0x000001611b000000-0x000001615b000000, reserved size: 1073741824
UseCompressedClassPointers 1, UseCompactObjectHeaders 0
Narrow klass pointer bits 32, Max shift 3
Narrow klass base: 0x000001611a000000, Narrow klass shift: 0
Encoding Range: [0x000001611a000000 - 0x000001621a000000), (4294967296 bytes)
Klass Range:    [0x000001611a000000 - 0x000001615b000000), (1090519040 bytes)
Klass ID Range:  [8 - 1090519033) (1090519025)

GC Precious Log:
 CardTable entry size: 512
 Card Set container configuration: InlinePtr #cards 5 size 8 Array Of Cards #cards 10 size 36 Howl #buckets 4 coarsen threshold 1843 Howl Bitmap #cards 512 size 80 coarsen threshold 460 Card regions per heap region 1 cards per card region 2048
 CPUs: 8 total, 8 available
 Memory: 7990M
 Large Page Support: Disabled
 NUMA Support: Disabled
 Compressed Oops: Enabled (32-bit)
 Heap Region Size: 1M
 Heap Min Capacity: 8M
 Heap Initial Capacity: 126M
 Heap Max Capacity: 1998M
 Pre-touch: Disabled
 Parallel Workers: 8
 Concurrent Workers: 2
 Concurrent Refinement Workers: 8
 Periodic GC: Disabled

Heap:
 garbage-first heap   total reserved 2045952K, committed 131072K, used 56436K [0x0000000083200000, 0x0000000100000000)
  region size 1024K, 41 young (41984K), 0 survivors (0K)
 Metaspace       used 14670K, committed 14912K, reserved 1114112K
  class space    used 1272K, committed 1408K, reserved 1048576K

Heap Regions: E=young(eden), S=young(survivor), O=old, HS=humongous(starts), HC=humongous(continues), CS=collection set, F=free, TAMS=top-at-mark-start, PB=parsable bottom
|   0|0x0000000083200000, 0x0000000083300000, 0x0000000083300000|100%|HS|  |TAMS 0x0000000083200000| PB 0x0000000083200000| Complete |  0
|   1|0x0000000083300000, 0x0000000083400000, 0x0000000083400000|100%|HC|  |TAMS 0x0000000083300000| PB 0x0000000083300000| Complete |  0
|   2|0x0000000083400000, 0x0000000083500000, 0x0000000083500000|100%|HS|  |TAMS 0x0000000083400000| PB 0x0000000083400000| Complete |  0
|   3|0x0000000083500000, 0x0000000083600000, 0x0000000083600000|100%|HC|  |TAMS 0x0000000083500000| PB 0x0000000083500000| Complete |  0
|   4|0x0000000083600000, 0x0000000083700000, 0x0000000083700000|100%|HS|  |TAMS 0x0000000083600000| PB 0x0000000083600000| Complete |  0
|   5|0x0000000083700000, 0x0000000083800000, 0x0000000083800000|100%|HC|  |TAMS 0x0000000083700000| PB 0x0000000083700000| Complete |  0
|   6|0x0000000083800000, 0x0000000083900000, 0x0000000083900000|100%|HS|  |TAMS 0x0000000083800000| PB 0x0000000083800000| Complete |  0
|   7|0x0000000083900000, 0x0000000083a00000, 0x0000000083a00000|100%|HC|  |TAMS 0x0000000083900000| PB 0x0000000083900000| Complete |  0
|   8|0x0000000083a00000, 0x0000000083b00000, 0x0000000083b00000|100%|HS|  |TAMS 0x0000000083a00000| PB 0x0000000083a00000| Complete |  0
|   9|0x0000000083b00000, 0x0000000083c00000, 0x0000000083c00000|100%|HC|  |TAMS 0x0000000083b00000| PB 0x0000000083b00000| Complete |  0
|  10|0x0000000083c00000, 0x0000000083d00000, 0x0000000083d00000|100%|HS|  |TAMS 0x0000000083c00000| PB 0x0000000083c00000| Complete |  0
|  11|0x0000000083d00000, 0x0000000083e00000, 0x0000000083e00000|100%|HC|  |TAMS 0x0000000083d00000| PB 0x0000000083d00000| Complete |  0
|  12|0x0000000083e00000, 0x0000000083f00000, 0x0000000083f00000|100%|HS|  |TAMS 0x0000000083e00000| PB 0x0000000083e00000| Complete |  0
|  13|0x0000000083f00000, 0x0000000084000000, 0x0000000084000000|100%|HC|  |TAMS 0x0000000083f00000| PB 0x0000000083f00000| Complete |  0
|  14|0x0000000084000000, 0x0000000084000000, 0x0000000084100000|  0%| F|  |TAMS 0x0000000084000000| PB 0x0000000084000000| Untracked |  0
|  15|0x0000000084100000, 0x0000000084100000, 0x0000000084200000|  0%| F|  |TAMS 0x0000000084100000| PB 0x0000000084100000| Untracked |  0
|  16|0x0000000084200000, 0x0000000084200000, 0x0000000084300000|  0%| F|  |TAMS 0x0000000084200000| PB 0x0000000084200000| Untracked |  0
|  17|0x0000000084300000, 0x0000000084300000, 0x0000000084400000|  0%| F|  |TAMS 0x0000000084300000| PB 0x0000000084300000| Untracked |  0
|  18|0x0000000084400000, 0x0000000084400000, 0x0000000084500000|  0%| F|  |TAMS 0x0000000084400000| PB 0x0000000084400000| Untracked |  0
|  19|0x0000000084500000, 0x0000000084500000, 0x0000000084600000|  0%| F|  |TAMS 0x0000000084500000| PB 0x0000000084500000| Untracked |  0
|  20|0x0000000084600000, 0x0000000084600000, 0x0000000084700000|  0%| F|  |TAMS 0x0000000084600000| PB 0x0000000084600000| Untracked |  0
|  21|0x0000000084700000, 0x0000000084700000, 0x0000000084800000|  0%| F|  |TAMS 0x0000000084700000| PB 0x0000000084700000| Untracked |  0
|  22|0x0000000084800000, 0x0000000084800000, 0x0000000084900000|  0%| F|  |TAMS 0x0000000084800000| PB 0x0000000084800000| Untracked |  0
|  23|0x0000000084900000, 0x0000000084900000, 0x0000000084a00000|  0%| F|  |TAMS 0x0000000084900000| PB 0x0000000084900000| Untracked |  0
|  24|0x0000000084a00000, 0x0000000084a00000, 0x0000000084b00000|  0%| F|  |TAMS 0x0000000084a00000| PB 0x0000000084a00000| Untracked |  0
|  25|0x0000000084b00000, 0x0000000084b00000, 0x0000000084c00000|  0%| F|  |TAMS 0x0000000084b00000| PB 0x0000000084b00000| Untracked |  0
|  26|0x0000000084c00000, 0x0000000084c00000, 0x0000000084d00000|  0%| F|  |TAMS 0x0000000084c00000| PB 0x0000000084c00000| Untracked |  0
|  27|0x0000000084d00000, 0x0000000084d00000, 0x0000000084e00000|  0%| F|  |TAMS 0x0000000084d00000| PB 0x0000000084d00000| Untracked |  0
|  28|0x0000000084e00000, 0x0000000084e00000, 0x0000000084f00000|  0%| F|  |TAMS 0x0000000084e00000| PB 0x0000000084e00000| Untracked |  0
|  29|0x0000000084f00000, 0x0000000084f00000, 0x0000000085000000|  0%| F|  |TAMS 0x0000000084f00000| PB 0x0000000084f00000| Untracked |  0
|  30|0x0000000085000000, 0x0000000085000000, 0x0000000085100000|  0%| F|  |TAMS 0x0000000085000000| PB 0x0000000085000000| Untracked |  0
|  31|0x0000000085100000, 0x0000000085100000, 0x0000000085200000|  0%| F|  |TAMS 0x0000000085100000| PB 0x0000000085100000| Untracked |  0
|  32|0x0000000085200000, 0x0000000085200000, 0x0000000085300000|  0%| F|  |TAMS 0x0000000085200000| PB 0x0000000085200000| Untracked |  0
|  33|0x0000000085300000, 0x0000000085300000, 0x0000000085400000|  0%| F|  |TAMS 0x0000000085300000| PB 0x0000000085300000| Untracked |  0
|  34|0x0000000085400000, 0x0000000085400000, 0x0000000085500000|  0%| F|  |TAMS 0x0000000085400000| PB 0x0000000085400000| Untracked |  0
|  35|0x0000000085500000, 0x0000000085500000, 0x0000000085600000|  0%| F|  |TAMS 0x0000000085500000| PB 0x0000000085500000| Untracked |  0
|  36|0x0000000085600000, 0x0000000085600000, 0x0000000085700000|  0%| F|  |TAMS 0x0000000085600000| PB 0x0000000085600000| Untracked |  0
|  37|0x0000000085700000, 0x0000000085700000, 0x0000000085800000|  0%| F|  |TAMS 0x0000000085700000| PB 0x0000000085700000| Untracked |  0
|  38|0x0000000085800000, 0x0000000085800000, 0x0000000085900000|  0%| F|  |TAMS 0x0000000085800000| PB 0x0000000085800000| Untracked |  0
|  39|0x0000000085900000, 0x0000000085900000, 0x0000000085a00000|  0%| F|  |TAMS 0x0000000085900000| PB 0x0000000085900000| Untracked |  0
|  40|0x0000000085a00000, 0x0000000085a00000, 0x0000000085b00000|  0%| F|  |TAMS 0x0000000085a00000| PB 0x0000000085a00000| Untracked |  0
|  41|0x0000000085b00000, 0x0000000085b00000, 0x0000000085c00000|  0%| F|  |TAMS 0x0000000085b00000| PB 0x0000000085b00000| Untracked |  0
|  42|0x0000000085c00000, 0x0000000085c00000, 0x0000000085d00000|  0%| F|  |TAMS 0x0000000085c00000| PB 0x0000000085c00000| Untracked |  0
|  43|0x0000000085d00000, 0x0000000085d00000, 0x0000000085e00000|  0%| F|  |TAMS 0x0000000085d00000| PB 0x0000000085d00000| Untracked |  0
|  44|0x0000000085e00000, 0x0000000085e00000, 0x0000000085f00000|  0%| F|  |TAMS 0x0000000085e00000| PB 0x0000000085e00000| Untracked |  0
|  45|0x0000000085f00000, 0x0000000085f00000, 0x0000000086000000|  0%| F|  |TAMS 0x0000000085f00000| PB 0x0000000085f00000| Untracked |  0
|  46|0x0000000086000000, 0x0000000086000000, 0x0000000086100000|  0%| F|  |TAMS 0x0000000086000000| PB 0x0000000086000000| Untracked |  0
|  47|0x0000000086100000, 0x0000000086100000, 0x0000000086200000|  0%| F|  |TAMS 0x0000000086100000| PB 0x0000000086100000| Untracked |  0
|  48|0x0000000086200000, 0x0000000086200000, 0x0000000086300000|  0%| F|  |TAMS 0x0000000086200000| PB 0x0000000086200000| Untracked |  0
|  49|0x0000000086300000, 0x0000000086300000, 0x0000000086400000|  0%| F|  |TAMS 0x0000000086300000| PB 0x0000000086300000| Untracked |  0
|  50|0x0000000086400000, 0x0000000086400000, 0x0000000086500000|  0%| F|  |TAMS 0x0000000086400000| PB 0x0000000086400000| Untracked |  0
|  51|0x0000000086500000, 0x0000000086500000, 0x0000000086600000|  0%| F|  |TAMS 0x0000000086500000| PB 0x0000000086500000| Untracked |  0
|  52|0x0000000086600000, 0x0000000086600000, 0x0000000086700000|  0%| F|  |TAMS 0x0000000086600000| PB 0x0000000086600000| Untracked |  0
|  53|0x0000000086700000, 0x0000000086700000, 0x0000000086800000|  0%| F|  |TAMS 0x0000000086700000| PB 0x0000000086700000| Untracked |  0
|  54|0x0000000086800000, 0x0000000086800000, 0x0000000086900000|  0%| F|  |TAMS 0x0000000086800000| PB 0x0000000086800000| Untracked |  0
|  55|0x0000000086900000, 0x0000000086900000, 0x0000000086a00000|  0%| F|  |TAMS 0x0000000086900000| PB 0x0000000086900000| Untracked |  0
|  56|0x0000000086a00000, 0x0000000086a00000, 0x0000000086b00000|  0%| F|  |TAMS 0x0000000086a00000| PB 0x0000000086a00000| Untracked |  0
|  57|0x0000000086b00000, 0x0000000086b00000, 0x0000000086c00000|  0%| F|  |TAMS 0x0000000086b00000| PB 0x0000000086b00000| Untracked |  0
|  58|0x0000000086c00000, 0x0000000086c00000, 0x0000000086d00000|  0%| F|  |TAMS 0x0000000086c00000| PB 0x0000000086c00000| Untracked |  0
|  59|0x0000000086d00000, 0x0000000086d00000, 0x0000000086e00000|  0%| F|  |TAMS 0x0000000086d00000| PB 0x0000000086d00000| Untracked |  0
|  60|0x0000000086e00000, 0x0000000086e00000, 0x0000000086f00000|  0%| F|  |TAMS 0x0000000086e00000| PB 0x0000000086e00000| Untracked |  0
|  61|0x0000000086f00000, 0x0000000086f00000, 0x0000000087000000|  0%| F|  |TAMS 0x0000000086f00000| PB 0x0000000086f00000| Untracked |  0
|  62|0x0000000087000000, 0x0000000087000000, 0x0000000087100000|  0%| F|  |TAMS 0x0000000087000000| PB 0x0000000087000000| Untracked |  0
|  63|0x0000000087100000, 0x0000000087100000, 0x0000000087200000|  0%| F|  |TAMS 0x0000000087100000| PB 0x0000000087100000| Untracked |  0
|  64|0x0000000087200000, 0x0000000087200000, 0x0000000087300000|  0%| F|  |TAMS 0x0000000087200000| PB 0x0000000087200000| Untracked |  0
|  65|0x0000000087300000, 0x0000000087300000, 0x0000000087400000|  0%| F|  |TAMS 0x0000000087300000| PB 0x0000000087300000| Untracked |  0
|  66|0x0000000087400000, 0x0000000087400000, 0x0000000087500000|  0%| F|  |TAMS 0x0000000087400000| PB 0x0000000087400000| Untracked |  0
|  67|0x0000000087500000, 0x0000000087500000, 0x0000000087600000|  0%| F|  |TAMS 0x0000000087500000| PB 0x0000000087500000| Untracked |  0
|  68|0x0000000087600000, 0x0000000087600000, 0x0000000087700000|  0%| F|  |TAMS 0x0000000087600000| PB 0x0000000087600000| Untracked |  0
|  69|0x0000000087700000, 0x0000000087700000, 0x0000000087800000|  0%| F|  |TAMS 0x0000000087700000| PB 0x0000000087700000| Untracked |  0
|  70|0x0000000087800000, 0x0000000087800000, 0x0000000087900000|  0%| F|  |TAMS 0x0000000087800000| PB 0x0000000087800000| Untracked |  0
|  71|0x0000000087900000, 0x0000000087900000, 0x0000000087a00000|  0%| F|  |TAMS 0x0000000087900000| PB 0x0000000087900000| Untracked |  0
|  72|0x0000000087a00000, 0x0000000087a00000, 0x0000000087b00000|  0%| F|  |TAMS 0x0000000087a00000| PB 0x0000000087a00000| Untracked |  0
|  73|0x0000000087b00000, 0x0000000087b00000, 0x0000000087c00000|  0%| F|  |TAMS 0x0000000087b00000| PB 0x0000000087b00000| Untracked |  0
|  74|0x0000000087c00000, 0x0000000087c00000, 0x0000000087d00000|  0%| F|  |TAMS 0x0000000087c00000| PB 0x0000000087c00000| Untracked |  0
|  75|0x0000000087d00000, 0x0000000087d00000, 0x0000000087e00000|  0%| F|  |TAMS 0x0000000087d00000| PB 0x0000000087d00000| Untracked |  0
|  76|0x0000000087e00000, 0x0000000087e00000, 0x0000000087f00000|  0%| F|  |TAMS 0x0000000087e00000| PB 0x0000000087e00000| Untracked |  0
|  77|0x0000000087f00000, 0x0000000087f00000, 0x0000000088000000|  0%| F|  |TAMS 0x0000000087f00000| PB 0x0000000087f00000| Untracked |  0
|  78|0x0000000088000000, 0x0000000088000000, 0x0000000088100000|  0%| F|  |TAMS 0x0000000088000000| PB 0x0000000088000000| Untracked |  0
|  79|0x0000000088100000, 0x0000000088100000, 0x0000000088200000|  0%| F|  |TAMS 0x0000000088100000| PB 0x0000000088100000| Untracked |  0
|  80|0x0000000088200000, 0x0000000088200000, 0x0000000088300000|  0%| F|  |TAMS 0x0000000088200000| PB 0x0000000088200000| Untracked |  0
|  81|0x0000000088300000, 0x0000000088300000, 0x0000000088400000|  0%| F|  |TAMS 0x0000000088300000| PB 0x0000000088300000| Untracked |  0
|  82|0x0000000088400000, 0x0000000088400000, 0x0000000088500000|  0%| F|  |TAMS 0x0000000088400000| PB 0x0000000088400000| Untracked |  0
|  83|0x0000000088500000, 0x0000000088500000, 0x0000000088600000|  0%| F|  |TAMS 0x0000000088500000| PB 0x0000000088500000| Untracked |  0
|  84|0x0000000088600000, 0x0000000088600000, 0x0000000088700000|  0%| F|  |TAMS 0x0000000088600000| PB 0x0000000088600000| Untracked |  0
|  85|0x0000000088700000, 0x0000000088780000, 0x0000000088800000| 50%| E|  |TAMS 0x0000000088700000| PB 0x0000000088700000| Complete |  0
|  86|0x0000000088800000, 0x0000000088900000, 0x0000000088900000|100%| E|CS|TAMS 0x0000000088800000| PB 0x0000000088800000| Complete |  0
|  87|0x0000000088900000, 0x0000000088a00000, 0x0000000088a00000|100%| E|CS|TAMS 0x0000000088900000| PB 0x0000000088900000| Complete |  0
|  88|0x0000000088a00000, 0x0000000088b00000, 0x0000000088b00000|100%| E|CS|TAMS 0x0000000088a00000| PB 0x0000000088a00000| Complete |  0
|  89|0x0000000088b00000, 0x0000000088c00000, 0x0000000088c00000|100%| E|CS|TAMS 0x0000000088b00000| PB 0x0000000088b00000| Complete |  0
|  90|0x0000000088c00000, 0x0000000088d00000, 0x0000000088d00000|100%| E|CS|TAMS 0x0000000088c00000| PB 0x0000000088c00000| Complete |  0
|  91|0x0000000088d00000, 0x0000000088e00000, 0x0000000088e00000|100%| E|CS|TAMS 0x0000000088d00000| PB 0x0000000088d00000| Complete |  0
|  92|0x0000000088e00000, 0x0000000088f00000, 0x0000000088f00000|100%| E|CS|TAMS 0x0000000088e00000| PB 0x0000000088e00000| Complete |  0
|  93|0x0000000088f00000, 0x0000000089000000, 0x0000000089000000|100%| E|CS|TAMS 0x0000000088f00000| PB 0x0000000088f00000| Complete |  0
|  94|0x0000000089000000, 0x0000000089100000, 0x0000000089100000|100%| E|CS|TAMS 0x0000000089000000| PB 0x0000000089000000| Complete |  0
|  95|0x0000000089100000, 0x0000000089200000, 0x0000000089200000|100%| E|CS|TAMS 0x0000000089100000| PB 0x0000000089100000| Complete |  0
|  96|0x0000000089200000, 0x0000000089300000, 0x0000000089300000|100%| E|CS|TAMS 0x0000000089200000| PB 0x0000000089200000| Complete |  0
|  97|0x0000000089300000, 0x0000000089400000, 0x0000000089400000|100%| E|CS|TAMS 0x0000000089300000| PB 0x0000000089300000| Complete |  0
|  98|0x0000000089400000, 0x0000000089500000, 0x0000000089500000|100%| E|CS|TAMS 0x0000000089400000| PB 0x0000000089400000| Complete |  0
|  99|0x0000000089500000, 0x0000000089600000, 0x0000000089600000|100%| E|CS|TAMS 0x0000000089500000| PB 0x0000000089500000| Complete |  0
| 100|0x0000000089600000, 0x0000000089700000, 0x0000000089700000|100%| E|CS|TAMS 0x0000000089600000| PB 0x0000000089600000| Complete |  0
| 101|0x0000000089700000, 0x0000000089800000, 0x0000000089800000|100%| E|CS|TAMS 0x0000000089700000| PB 0x0000000089700000| Complete |  0
| 102|0x0000000089800000, 0x0000000089900000, 0x0000000089900000|100%| E|CS|TAMS 0x0000000089800000| PB 0x0000000089800000| Complete |  0
| 103|0x0000000089900000, 0x0000000089a00000, 0x0000000089a00000|100%| E|CS|TAMS 0x0000000089900000| PB 0x0000000089900000| Complete |  0
| 104|0x0000000089a00000, 0x0000000089b00000, 0x0000000089b00000|100%| E|CS|TAMS 0x0000000089a00000| PB 0x0000000089a00000| Complete |  0
| 105|0x0000000089b00000, 0x0000000089c00000, 0x0000000089c00000|100%| E|CS|TAMS 0x0000000089b00000| PB 0x0000000089b00000| Complete |  0
| 106|0x0000000089c00000, 0x0000000089d00000, 0x0000000089d00000|100%| E|CS|TAMS 0x0000000089c00000| PB 0x0000000089c00000| Complete |  0
| 107|0x0000000089d00000, 0x0000000089e00000, 0x0000000089e00000|100%| E|CS|TAMS 0x0000000089d00000| PB 0x0000000089d00000| Complete |  0
| 108|0x0000000089e00000, 0x0000000089f00000, 0x0000000089f00000|100%| E|CS|TAMS 0x0000000089e00000| PB 0x0000000089e00000| Complete |  0
| 109|0x0000000089f00000, 0x000000008a000000, 0x000000008a000000|100%| E|CS|TAMS 0x0000000089f00000| PB 0x0000000089f00000| Complete |  0
| 110|0x000000008a000000, 0x000000008a100000, 0x000000008a100000|100%| E|CS|TAMS 0x000000008a000000| PB 0x000000008a000000| Complete |  0
| 111|0x000000008a100000, 0x000000008a200000, 0x000000008a200000|100%| E|CS|TAMS 0x000000008a100000| PB 0x000000008a100000| Complete |  0
| 112|0x000000008a200000, 0x000000008a300000, 0x000000008a300000|100%| E|CS|TAMS 0x000000008a200000| PB 0x000000008a200000| Complete |  0
| 113|0x000000008a300000, 0x000000008a400000, 0x000000008a400000|100%| E|CS|TAMS 0x000000008a300000| PB 0x000000008a300000| Complete |  0
| 114|0x000000008a400000, 0x000000008a500000, 0x000000008a500000|100%| E|CS|TAMS 0x000000008a400000| PB 0x000000008a400000| Complete |  0
| 115|0x000000008a500000, 0x000000008a600000, 0x000000008a600000|100%| E|CS|TAMS 0x000000008a500000| PB 0x000000008a500000| Complete |  0
| 116|0x000000008a600000, 0x000000008a700000, 0x000000008a700000|100%| E|CS|TAMS 0x000000008a600000| PB 0x000000008a600000| Complete |  0
| 117|0x000000008a700000, 0x000000008a800000, 0x000000008a800000|100%| E|CS|TAMS 0x000000008a700000| PB 0x000000008a700000| Complete |  0
| 118|0x000000008a800000, 0x000000008a900000, 0x000000008a900000|100%| E|CS|TAMS 0x000000008a800000| PB 0x000000008a800000| Complete |  0
| 119|0x000000008a900000, 0x000000008aa00000, 0x000000008aa00000|100%| E|CS|TAMS 0x000000008a900000| PB 0x000000008a900000| Complete |  0
| 120|0x000000008aa00000, 0x000000008ab00000, 0x000000008ab00000|100%| E|CS|TAMS 0x000000008aa00000| PB 0x000000008aa00000| Complete |  0
| 121|0x000000008ab00000, 0x000000008ac00000, 0x000000008ac00000|100%| E|CS|TAMS 0x000000008ab00000| PB 0x000000008ab00000| Complete |  0
| 122|0x000000008ac00000, 0x000000008ad00000, 0x000000008ad00000|100%| E|CS|TAMS 0x000000008ac00000| PB 0x000000008ac00000| Complete |  0
| 123|0x000000008ad00000, 0x000000008ae00000, 0x000000008ae00000|100%| E|CS|TAMS 0x000000008ad00000| PB 0x000000008ad00000| Complete |  0
| 124|0x000000008ae00000, 0x000000008af00000, 0x000000008af00000|100%| E|CS|TAMS 0x000000008ae00000| PB 0x000000008ae00000| Complete |  0
| 125|0x000000008af00000, 0x000000008b000000, 0x000000008b000000|100%| E|CS|TAMS 0x000000008af00000| PB 0x000000008af00000| Complete |  0
|1996|0x00000000ffe00000, 0x00000000fff00000, 0x00000000fff00000|100%| O|  |TAMS 0x00000000ffe00000| PB 0x00000000ffe00000| Untracked |  0
|1997|0x00000000fff00000, 0x00000000fff1d248, 0x0000000100000000| 11%| O|  |TAMS 0x00000000fff00000| PB 0x00000000fff00000| Untracked |  0

Card table byte_map: [0x000001617bf90000,0x000001617c380000] _byte_map_base: 0x000001617bb77000

Marking Bits: (CMBitMap*) 0x000001617b7ff510
 Bits: [0x000001617c380000, 0x000001617e2b8000)

Polling page: 0x00000161799a0000

Metaspace:

Usage:
  Non-class:     13.08 MB used.
      Class:      1.24 MB used.
       Both:     14.33 MB used.

Virtual space:
  Non-class space:       64.00 MB reserved,      13.19 MB ( 21%) committed,  1 nodes.
      Class space:        1.00 GB reserved,       1.38 MB ( <1%) committed,  1 nodes.
             Both:        1.06 GB reserved,      14.56 MB (  1%) committed. 

Chunk freelists:
   Non-Class:  2.50 MB
       Class:  14.61 MB
        Both:  17.11 MB

MaxMetaspaceSize: unlimited
CompressedClassSpaceSize: 1.00 GB
Initial GC threshold: 21.00 MB
Current GC threshold: 21.00 MB
CDS: on
 - commit_granule_bytes: 65536.
 - commit_granule_words: 8192.
 - virtual_space_node_default_size: 8388608.
 - enlarge_chunks_in_place: 1.
UseCompressedClassPointers 1, UseCompactObjectHeaders 0
Narrow klass pointer bits 32, Max shift 3
Narrow klass base: 0x000001611a000000, Narrow klass shift: 0
Encoding Range: [0x000001611a000000 - 0x000001621a000000), (4294967296 bytes)
Klass Range:    [0x000001611a000000 - 0x000001615b000000), (1090519040 bytes)
Klass ID Range:  [8 - 1090519033) (1090519025)


Internal statistics:

num_allocs_failed_limit: 0.
num_arena_births: 174.
num_arena_deaths: 0.
num_vsnodes_births: 2.
num_vsnodes_deaths: 0.
num_space_committed: 233.
num_space_uncommitted: 0.
num_chunks_returned_to_freelist: 0.
num_chunks_taken_from_freelist: 345.
num_chunk_merges: 0.
num_chunk_splits: 218.
num_chunks_enlarged: 148.
num_inconsistent_stats: 0.

CodeHeap 'non-profiled nmethods': size=120064Kb used=774Kb max_used=774Kb free=119289Kb
 bounds [0x00000161102a0000, 0x0000016110510000, 0x00000161177e0000]
CodeHeap 'profiled nmethods': size=120000Kb used=4312Kb max_used=4312Kb free=115687Kb
 bounds [0x00000161087e0000, 0x0000016108c20000, 0x000001610fd10000]
CodeHeap 'non-nmethods': size=5696Kb used=1606Kb max_used=1623Kb free=4089Kb
 bounds [0x000001610fd10000, 0x000001610ff80000, 0x00000161102a0000]
CodeCache: size=245760Kb, used=6692Kb, max_used=6709Kb, free=239065Kb
 total_blobs=3424, nmethods=2645, adapters=683, full_count=0
Compilation: enabled, stopped_count=0, restarted_count=0

Compilation events (20 events):
Event: 145.479 Thread 0x00000161198196e0 2628       3       java.awt.Graphics2D::<init> (5 bytes)
Event: 145.479 Thread 0x00000161198196e0 nmethod 2628 0x0000016108c12f88 code [0x0000016108c130a0, 0x0000016108c13278]
Event: 145.479 Thread 0x00000161198196e0 2629       1       sun.java2d.SunGraphics2D::getPaint (5 bytes)
Event: 145.479 Thread 0x00000161198196e0 nmethod 2629 0x000001611035fb88 code [0x000001611035fc80, 0x000001611035fd48]
Event: 145.978 Thread 0x00000161198196e0 2630       1       sun.awt.windows.WObjectPeer::getStateLock (5 bytes)
Event: 145.978 Thread 0x00000161198196e0 nmethod 2630 0x000001611035fe88 code [0x000001611035ff80, 0x0000016110360048]
Event: 145.979 Thread 0x00000161197f88f0 2631       4       java.util.concurrent.locks.ReentrantLock::lock (8 bytes)
Event: 145.980 Thread 0x00000161197f88f0 nmethod 2631 0x0000016110360188 code [0x00000161103602a0, 0x00000161103604c0]
Event: 146.980 Thread 0x00000161197f88f0 2632       4       javax.swing.JComponent::getWidth (5 bytes)
Event: 146.980 Thread 0x00000161198196e0 2633       3       sun.java2d.SunGraphics2D::setClip (14 bytes)
Event: 146.980 Thread 0x00000161198196e0 nmethod 2633 0x0000016108c13308 code [0x0000016108c13440, 0x0000016108c13718]
Event: 146.980 Thread 0x00000161198196e0 2634       3       java.awt.Container::insets (42 bytes)
Event: 146.980 Thread 0x00000161197f88f0 nmethod 2632 0x0000016110360588 code [0x0000016110360680, 0x00000161103606f8]
Event: 146.980 Thread 0x00000161197f88f0 2635       4       sun.awt.Win32GraphicsConfig::getDefaultTransform (24 bytes)
Event: 146.980 Thread 0x00000161198196e0 nmethod 2634 0x0000016108c13788 code [0x0000016108c13900, 0x0000016108c140f0]
Event: 146.980 Thread 0x00000161198196e0 2636   !   3       sun.awt.image.SurfaceManager::getManager (47 bytes)
Event: 146.981 Thread 0x00000161198196e0 nmethod 2636 0x0000016108c14188 code [0x0000016108c14360, 0x0000016108c14c28]
Event: 146.981 Thread 0x00000161198196e0 2637       3       java.awt.Image$1::getSurfaceManager (5 bytes)
Event: 146.981 Thread 0x00000161198196e0 nmethod 2637 0x0000016108c14d08 code [0x0000016108c14e20, 0x0000016108c14f30]
Event: 146.982 Thread 0x00000161197f88f0 nmethod 2635 0x0000016110360888 code [0x00000161103609c0, 0x0000016110360bb8]

GC Heap History (0 events):
No events

Dll operation events (11 events):
Event: 0.022 Loaded shared library C:\Users\Admin\Desktop\Nam\oracleJdk-24\bin\java.dll
Event: 0.065 Loaded shared library C:\Users\Admin\Desktop\Nam\oracleJdk-24\bin\jsvml.dll
Event: 0.111 Loaded shared library C:\Users\Admin\Desktop\Nam\oracleJdk-24\bin\net.dll
Event: 0.113 Loaded shared library C:\Users\Admin\Desktop\Nam\oracleJdk-24\bin\nio.dll
Event: 0.153 Loaded shared library C:\Users\Admin\Desktop\Nam\oracleJdk-24\bin\zip.dll
Event: 0.225 Loaded shared library C:\Users\Admin\Desktop\Nam\oracleJdk-24\bin\jimage.dll
Event: 0.251 Loaded shared library C:\Users\Admin\Desktop\Nam\oracleJdk-24\bin\awt.dll
Event: 0.472 Loaded shared library C:\Users\Admin\Desktop\Nam\oracleJdk-24\bin\freetype.dll
Event: 0.474 Loaded shared library C:\Users\Admin\Desktop\Nam\oracleJdk-24\bin\fontmanager.dll
Event: 0.704 Loaded shared library C:\Users\Admin\AppData\Local\Temp\flatlaf.temp\flatlaf-windows-x86_64-6460840518136000.dll
Event: 10.686 Loaded shared library C:\Users\Admin\Desktop\Nam\oracleJdk-24\bin\extnet.dll

Deoptimization events (20 events):
Event: 10.552 Thread 0x000001615f055a00 DEOPT PACKING pc=0x000001611031ceb0 sp=0x00000053a8bfc5a0
Event: 10.552 Thread 0x000001615f055a00 DEOPT UNPACKING pc=0x000001610fe26302 sp=0x00000053a8bfc578 mode 2
Event: 10.653 Thread 0x000001615f055a00 Uncommon trap: trap_request=0xffffff4d fr.pc=0x00000161102f1ce0 relative=0x0000000000000c60
Event: 10.653 Thread 0x000001615f055a00 Uncommon trap: reason=unstable_if action=reinterpret pc=0x00000161102f1ce0 method=java.util.concurrent.ConcurrentHashMap.putVal(Ljava/lang/Object;Ljava/lang/Object;Z)Ljava/lang/Object; @ 148 c2
Event: 10.653 Thread 0x000001615f055a00 DEOPT PACKING pc=0x00000161102f1ce0 sp=0x00000053a8bfda90
Event: 10.653 Thread 0x000001615f055a00 DEOPT UNPACKING pc=0x000001610fe26302 sp=0x00000053a8bfda00 mode 2
Event: 10.678 Thread 0x000001615f055a00 DEOPT PACKING pc=0x0000016108b0a10d sp=0x00000053a8bfc060
Event: 10.679 Thread 0x000001615f055a00 DEOPT UNPACKING pc=0x000001610fd65722 sp=0x00000053a8bfb540 mode 0
Event: 10.679 Thread 0x000001615f055a00 Uncommon trap: trap_request=0xffffff4d fr.pc=0x00000161102f8238 relative=0x0000000000000638
Event: 10.679 Thread 0x000001615f055a00 Uncommon trap: reason=unstable_if action=reinterpret pc=0x00000161102f8238 method=java.util.Properties$LineReader.readLine()I @ 249 c2
Event: 10.679 Thread 0x000001615f055a00 DEOPT PACKING pc=0x00000161102f8238 sp=0x00000053a8bfc0c0
Event: 10.679 Thread 0x000001615f055a00 DEOPT UNPACKING pc=0x000001610fe26302 sp=0x00000053a8bfc050 mode 2
Event: 10.679 Thread 0x000001615f055a00 Uncommon trap: trap_request=0xffffff4d fr.pc=0x00000161102d1604 relative=0x0000000000000864
Event: 10.679 Thread 0x000001615f055a00 Uncommon trap: reason=unstable_if action=reinterpret pc=0x00000161102d1604 method=java.lang.String.<init>([CIILjava/lang/Void;)V @ 5 c2
Event: 10.679 Thread 0x000001615f055a00 DEOPT PACKING pc=0x00000161102d1604 sp=0x00000053a8bfc0f0
Event: 10.679 Thread 0x000001615f055a00 DEOPT UNPACKING pc=0x000001610fe26302 sp=0x00000053a8bfbf68 mode 2
Event: 10.712 Thread 0x000001615f055a00 Uncommon trap: trap_request=0xffffff4d fr.pc=0x000001611033d3f4 relative=0x00000000000000d4
Event: 10.712 Thread 0x000001615f055a00 Uncommon trap: reason=unstable_if action=reinterpret pc=0x000001611033d3f4 method=jdk.internal.classfile.impl.RawBytecodeHelper.next()Z @ 46 c2
Event: 10.712 Thread 0x000001615f055a00 DEOPT PACKING pc=0x000001611033d3f4 sp=0x00000053a8bfc110
Event: 10.712 Thread 0x000001615f055a00 DEOPT UNPACKING pc=0x000001610fe26302 sp=0x00000053a8bfc098 mode 2

Classes loaded (20 events):
Event: 10.719 Loading class java/lang/Throwable$WrappedPrintStream
Event: 10.719 Loading class java/lang/Throwable$PrintStreamOrWriter
Event: 10.719 Loading class java/lang/Throwable$PrintStreamOrWriter done
Event: 10.719 Loading class java/lang/Throwable$WrappedPrintStream done
Event: 10.720 Loading class java/lang/StackTraceElement$HashedModules
Event: 10.720 Loading class java/lang/StackTraceElement$HashedModules done
Event: 17.070 Loading class javax/swing/text/GapContent$RemoveUndo
Event: 17.071 Loading class javax/swing/text/GapContent$RemoveUndo done
Event: 17.071 Loading class javax/swing/text/GapContent$UndoPosRef
Event: 17.071 Loading class javax/swing/text/GapContent$UndoPosRef done
Event: 116.873 Loading class sun/awt/windows/WInputMethod$1
Event: 116.873 Loading class sun/awt/windows/WInputMethod$1 done
Event: 116.879 Loading class java/awt/font/TextHitInfo
Event: 116.879 Loading class java/awt/font/TextHitInfo done
Event: 120.434 Loading class java/util/WeakHashMap$KeyIterator
Event: 120.434 Loading class java/util/WeakHashMap$HashIterator
Event: 120.435 Loading class java/util/WeakHashMap$HashIterator done
Event: 120.435 Loading class java/util/WeakHashMap$KeyIterator done
Event: 120.435 Loading class javax/swing/RepaintManager$DisplayChangedRunnable
Event: 120.435 Loading class javax/swing/RepaintManager$DisplayChangedRunnable done

Classes unloaded (0 events):
No events

Classes redefined (0 events):
No events

Internal exceptions (20 events):
Event: 0.634 Thread 0x00000161794dee70 Exception <a 'java/lang/NoSuchMethodError'{0x000000008a307388}: 'java.lang.Object java.lang.invoke.Invokers$Holder.invokeExact_MT(java.lang.Object, java.lang.Object, java.lang.Object, java.lang.Object, java.lang.Object, java.lang.Object)'> (0x000000008a307388) 
thrown [s\open\src\hotspot\share\interpreter\linkResolver.cpp, line 805]
Event: 0.663 Thread 0x00000161794dee70 Exception <a 'java/lang/NoSuchMethodError'{0x000000008a3b14a8}: 'int java.lang.invoke.Invokers$Holder.invokeExact_MT(java.lang.Object, java.lang.Object)'> (0x000000008a3b14a8) 
thrown [s\open\src\hotspot\share\interpreter\linkResolver.cpp, line 805]
Event: 0.673 Thread 0x00000161794dee70 Exception <a 'sun/nio/fs/WindowsException'{0x000000008a3d6e38}> (0x000000008a3d6e38) 
thrown [s\open\src\hotspot\share\prims\jni.cpp, line 518]
Event: 0.772 Thread 0x00000161794dee70 Exception <a 'java/lang/NoSuchMethodError'{0x000000008a176330}: 'java.lang.Object java.lang.invoke.DirectMethodHandle$Holder.invokeVirtual(java.lang.Object, java.lang.Object, java.lang.Object, java.lang.Object)'> (0x000000008a176330) 
thrown [s\open\src\hotspot\share\interpreter\linkResolver.cpp, line 805]
Event: 0.886 Thread 0x000001615f0552b0 Exception <a 'java/lang/NoSuchMethodError'{0x000000008a90fe80}: 'void java.lang.invoke.DirectMethodHandle$Holder.invokeVirtual(java.lang.Object, java.lang.Object)'> (0x000000008a90fe80) 
thrown [s\open\src\hotspot\share\interpreter\linkResolver.cpp, line 805]
Event: 0.901 Thread 0x00000161794dee70 Exception <a 'java/lang/NoSuchMethodError'{0x0000000089ea82d8}: 'void java.lang.invoke.DirectMethodHandle$Holder.invokeStaticInit(java.lang.Object)'> (0x0000000089ea82d8) 
thrown [s\open\src\hotspot\share\interpreter\linkResolver.cpp, line 805]
Event: 1.039 Thread 0x00000161794dee70 Exception <a 'java/io/FileNotFoundException'{0x0000000089c2a8d8}> (0x0000000089c2a8d8) 
thrown [s\open\src\hotspot\share\prims\jni.cpp, line 518]
Event: 1.045 Thread 0x00000161794dee70 Exception <a 'java/io/FileNotFoundException'{0x0000000089c44d38}> (0x0000000089c44d38) 
thrown [s\open\src\hotspot\share\prims\jni.cpp, line 518]
Event: 3.762 Thread 0x00000161794dee70 Exception <a 'java/lang/NoSuchMethodError'{0x000000008931ede0}: 'void java.lang.invoke.DelegatingMethodHandle$Holder.reinvoke_L(java.lang.Object, java.lang.Object, java.lang.Object, java.lang.Object, long, long, float)'> (0x000000008931ede0) 
thrown [s\open\src\hotspot\share\interpreter\linkResolver.cpp, line 805]
Event: 3.765 Thread 0x00000161794dee70 Exception <a 'java/lang/NoSuchMethodError'{0x000000008933f990}: 'java.lang.Object java.lang.invoke.DirectMethodHandle$Holder.invokeStatic(java.lang.Object, java.lang.Object, java.lang.Object, java.lang.Object, java.lang.Object, long)'> (0x000000008933f990) 
thrown [s\open\src\hotspot\share\interpreter\linkResolver.cpp, line 805]
Event: 3.770 Thread 0x00000161794dee70 Exception <a 'java/lang/NoSuchMethodError'{0x000000008937f640}: 'float java.lang.invoke.DelegatingMethodHandle$Holder.reinvoke_L(java.lang.Object, java.lang.Object, java.lang.Object, java.lang.Object, long, long)'> (0x000000008937f640) 
thrown [s\open\src\hotspot\share\interpreter\linkResolver.cpp, line 805]
Event: 3.883 Thread 0x000001615f055a00 Exception <a 'java/lang/NoSuchMethodError'{0x0000000089d06628}: 'int java.lang.invoke.DirectMethodHandle$Holder.invokeSpecial(java.lang.Object, java.lang.Object, java.lang.Object)'> (0x0000000089d06628) 
thrown [s\open\src\hotspot\share\interpreter\linkResolver.cpp, line 805]
Event: 3.903 Thread 0x000001615f055a00 Implicit null exception at 0x000001611031044e to 0x0000016110310508
Event: 3.933 Thread 0x000001615f055a00 Implicit null exception at 0x00000161103130f8 to 0x00000161103131a4
Event: 10.529 Thread 0x000001615f055a00 Exception <a 'java/lang/NoSuchMethodError'{0x0000000088f180e0}: 'java.lang.Object java.lang.invoke.DirectMethodHandle$Holder.invokeInterface(java.lang.Object, java.lang.Object)'> (0x0000000088f180e0) 
thrown [s\open\src\hotspot\share\interpreter\linkResolver.cpp, line 805]
Event: 10.559 Thread 0x000001615f055a00 Exception <a 'java/lang/NoSuchMethodError'{0x0000000088dbfcd0}: 'void java.lang.invoke.DirectMethodHandle$Holder.invokeStatic(java.lang.Object, java.lang.Object, java.lang.Object)'> (0x0000000088dbfcd0) 
thrown [s\open\src\hotspot\share\interpreter\linkResolver.cpp, line 805]
Event: 10.563 Thread 0x000001615f055a00 Exception <a 'java/lang/NoSuchMethodError'{0x0000000088dd7940}: 'java.lang.Object java.lang.invoke.DirectMethodHandle$Holder.invokeVirtual(java.lang.Object, java.lang.Object, java.lang.Object)'> (0x0000000088dd7940) 
thrown [s\open\src\hotspot\share\interpreter\linkResolver.cpp, line 805]
Event: 10.707 Thread 0x000001615f055a00 Exception <a 'java/net/ConnectException'{0x0000000088925770}: Connection refused: connect> (0x0000000088925770) 
thrown [s\open\src\hotspot\share\prims\jni.cpp, line 536]
Event: 10.709 Thread 0x000001615f055a00 Exception <a 'java/net/ConnectException'{0x0000000088926640}: Connection refused: connect> (0x0000000088926640) 
thrown [s\open\src\hotspot\share\prims\jni.cpp, line 536]
Event: 10.871 Thread 0x000001615f055a00 Exception <a 'java/lang/NullPointerException'{0x000000008897af98}> (0x000000008897af98) 
thrown [s\open\src\hotspot\share\interpreter\linkResolver.cpp, line 1523]

VM Operations (20 events):
Event: 3.885 Executing VM operation: HandshakeAllThreads (Deoptimize)
Event: 3.886 Executing VM operation: HandshakeAllThreads (Deoptimize) done
Event: 3.902 Executing VM operation: HandshakeAllThreads (Deoptimize)
Event: 3.902 Executing VM operation: HandshakeAllThreads (Deoptimize) done
Event: 10.502 Executing VM operation: HandshakeAllThreads (Deoptimize)
Event: 10.502 Executing VM operation: HandshakeAllThreads (Deoptimize) done
Event: 10.502 Executing VM operation: HandshakeAllThreads (Deoptimize)
Event: 10.503 Executing VM operation: HandshakeAllThreads (Deoptimize) done
Event: 10.683 Executing VM operation: HandshakeAllThreads (Deoptimize)
Event: 10.683 Executing VM operation: HandshakeAllThreads (Deoptimize) done
Event: 10.713 Executing VM operation: HandshakeAllThreads (Deoptimize)
Event: 10.713 Executing VM operation: HandshakeAllThreads (Deoptimize) done
Event: 60.277 Executing VM operation: HandshakeAllThreads (HandshakeForDeflation)
Event: 60.277 Executing VM operation: HandshakeAllThreads (HandshakeForDeflation) done
Event: 60.278 Executing VM operation: RendezvousGCThreads
Event: 60.278 Executing VM operation: RendezvousGCThreads done
Event: 120.505 Executing VM operation: HandshakeAllThreads (HandshakeForDeflation)
Event: 120.505 Executing VM operation: HandshakeAllThreads (HandshakeForDeflation) done
Event: 120.505 Executing VM operation: RendezvousGCThreads
Event: 120.505 Executing VM operation: RendezvousGCThreads done

Memory protections (0 events):
No events

Nmethod flushes (0 events):
No events

Events (20 events):
Event: 0.287 Thread 0x00000161794dee70 Thread added: 0x000001617e9fd3b0
Event: 0.287 Thread 0x00000161794dee70 Thread added: 0x000001617e9fdb00
Event: 0.288 Thread 0x00000161794dee70 Thread added: 0x000001615f0552b0
Event: 0.385 Thread 0x00000161198196e0 Thread added: 0x000001615f0e3e40
Event: 0.393 Thread 0x00000161198196e0 Thread added: 0x0000016119b998a0
Event: 0.801 Thread 0x00000161794dee70 Thread added: 0x000001615f054b60
Event: 0.878 Thread 0x00000161794dee70 Thread added: 0x000001615f055a00
Event: 1.011 Thread 0x0000016119b998a0 Thread exited: 0x0000016119b998a0
Event: 1.281 Thread 0x000001615f0e3e40 Thread exited: 0x000001615f0e3e40
Event: 3.725 Thread 0x00000161198196e0 Thread added: 0x000001616012f020
Event: 3.875 Thread 0x00000161794dee70 Thread exited: 0x00000161794dee70
Event: 3.876 Thread 0x000001615f056150 Thread added: 0x000001615f056150
Event: 3.972 Thread 0x000001615f055a00 Thread added: 0x000001615f05aa70
Event: 4.476 Thread 0x000001616012f020 Thread exited: 0x000001616012f020
Event: 5.876 Thread 0x000001615f054b60 Thread exited: 0x000001615f054b60
Event: 10.496 Thread 0x000001615f055a00 Thread added: 0x000001615f057e90
Event: 10.545 Thread 0x00000161198196e0 Thread added: 0x00000161199d39f0
Event: 10.551 Thread 0x00000161198196e0 Thread added: 0x000001615f2c97b0
Event: 10.870 Thread 0x00000161199d39f0 Thread exited: 0x00000161199d39f0
Event: 10.870 Thread 0x000001615f2c97b0 Thread exited: 0x000001615f2c97b0


Dynamic libraries:
0x00007ff7fef10000 - 0x00007ff7fef20000 	C:\Users\Admin\Desktop\Nam\oracleJdk-24\bin\java.exe
0x00007ffd590a0000 - 0x00007ffd59308000 	C:\WINDOWS\SYSTEM32\ntdll.dll
0x00007ffd57950000 - 0x00007ffd57a19000 	C:\WINDOWS\System32\KERNEL32.DLL
0x00007ffd568a0000 - 0x00007ffd56c91000 	C:\WINDOWS\System32\KERNELBASE.dll
0x00007ffd55b00000 - 0x00007ffd55c4b000 	C:\WINDOWS\System32\ucrtbase.dll
0x00007ffd3bc60000 - 0x00007ffd3bc76000 	C:\Users\Admin\Desktop\Nam\oracleJdk-24\bin\jli.dll
0x00007ffd4e2b0000 - 0x00007ffd4e2cb000 	C:\Users\Admin\Desktop\Nam\oracleJdk-24\bin\VCRUNTIME140.dll
0x00007ffd57230000 - 0x00007ffd573f6000 	C:\WINDOWS\System32\USER32.dll
0x00007ffd56ca0000 - 0x00007ffd56cc7000 	C:\WINDOWS\System32\win32u.dll
0x00007ffd40b70000 - 0x00007ffd40e03000 	C:\WINDOWS\WinSxS\amd64_microsoft.windows.common-controls_6595b64144ccf1df_6.0.26100.7824_none_3e0870b2e3345462\COMCTL32.dll
0x00007ffd57a20000 - 0x00007ffd57a4b000 	C:\WINDOWS\System32\GDI32.dll
0x00007ffd56ed0000 - 0x00007ffd56f79000 	C:\WINDOWS\System32\msvcrt.dll
0x00007ffd566c0000 - 0x00007ffd567eb000 	C:\WINDOWS\System32\gdi32full.dll
0x00007ffd55c50000 - 0x00007ffd55cf3000 	C:\WINDOWS\System32\msvcp_win.dll
0x00007ffd57890000 - 0x00007ffd578c1000 	C:\WINDOWS\System32\IMM32.DLL
0x00007ffd4e2a0000 - 0x00007ffd4e2ac000 	C:\Users\Admin\Desktop\Nam\oracleJdk-24\bin\vcruntime140_1.dll
0x00007ffcc8f10000 - 0x00007ffcc8f9e000 	C:\Users\Admin\Desktop\Nam\oracleJdk-24\bin\msvcp140.dll
0x00007ffcc9ad0000 - 0x00007ffcca871000 	C:\Users\Admin\Desktop\Nam\oracleJdk-24\bin\server\jvm.dll
0x00007ffd57c20000 - 0x00007ffd57cd4000 	C:\WINDOWS\System32\ADVAPI32.dll
0x00007ffd58c70000 - 0x00007ffd58d16000 	C:\WINDOWS\System32\sechost.dll
0x00007ffd57a80000 - 0x00007ffd57b98000 	C:\WINDOWS\System32\RPCRT4.dll
0x00007ffd578d0000 - 0x00007ffd57944000 	C:\WINDOWS\System32\WS2_32.dll
0x00007ffd557e0000 - 0x00007ffd5583e000 	C:\WINDOWS\SYSTEM32\POWRPROF.dll
0x00007ffd49610000 - 0x00007ffd4961b000 	C:\WINDOWS\SYSTEM32\VERSION.dll
0x00007ffd44800000 - 0x00007ffd44835000 	C:\WINDOWS\SYSTEM32\WINMM.dll
0x00007ffd557c0000 - 0x00007ffd557d4000 	C:\WINDOWS\SYSTEM32\UMPDC.dll
0x00007ffd54720000 - 0x00007ffd5473b000 	C:\WINDOWS\SYSTEM32\kernel.appcore.dll
0x00007ffd3bc90000 - 0x00007ffd3bc9a000 	C:\Users\Admin\Desktop\Nam\oracleJdk-24\bin\jimage.dll
0x00007ffd539f0000 - 0x00007ffd53c32000 	C:\WINDOWS\SYSTEM32\DBGHELP.DLL
0x00007ffd57d90000 - 0x00007ffd58116000 	C:\WINDOWS\System32\combase.dll
0x00007ffd58220000 - 0x00007ffd582f7000 	C:\WINDOWS\System32\OLEAUT32.dll
0x00007ffd4fbc0000 - 0x00007ffd4fbfb000 	C:\WINDOWS\SYSTEM32\dbgcore.DLL
0x00007ffd567f0000 - 0x00007ffd56895000 	C:\WINDOWS\System32\bcryptPrimitives.dll
0x00007ffd3bca0000 - 0x00007ffd3bcbe000 	C:\Users\Admin\Desktop\Nam\oracleJdk-24\bin\java.dll
0x00007ffd58ad0000 - 0x00007ffd58c67000 	C:\WINDOWS\System32\ole32.dll
0x00007ffd58310000 - 0x00007ffd58a62000 	C:\WINDOWS\System32\SHELL32.dll
0x00007ffd56cd0000 - 0x00007ffd56e3a000 	C:\WINDOWS\System32\wintypes.dll
0x00007ffd55dc0000 - 0x00007ffd56623000 	C:\WINDOWS\System32\windows.storage.dll
0x00007ffd58120000 - 0x00007ffd58216000 	C:\WINDOWS\System32\SHCORE.dll
0x00007ffd57d00000 - 0x00007ffd57d67000 	C:\WINDOWS\System32\shlwapi.dll
0x00007ffd558a0000 - 0x00007ffd558c9000 	C:\WINDOWS\SYSTEM32\profapi.dll
0x00007ffd3a6c0000 - 0x00007ffd3a797000 	C:\Users\Admin\Desktop\Nam\oracleJdk-24\bin\jsvml.dll
0x00007ffd3bc30000 - 0x00007ffd3bc40000 	C:\Users\Admin\Desktop\Nam\oracleJdk-24\bin\net.dll
0x00007ffd54c90000 - 0x00007ffd54cfb000 	C:\WINDOWS\system32\mswsock.dll
0x00007ffd3bc10000 - 0x00007ffd3bc26000 	C:\Users\Admin\Desktop\Nam\oracleJdk-24\bin\nio.dll
0x00007ffd3bc40000 - 0x00007ffd3bc57000 	C:\Users\Admin\Desktop\Nam\oracleJdk-24\bin\zip.dll
0x00007ffcca8d0000 - 0x00007ffccaa4f000 	C:\Users\Admin\Desktop\Nam\oracleJdk-24\bin\awt.dll
0x00007ffd52d60000 - 0x00007ffd52dfe000 	C:\WINDOWS\SYSTEM32\apphelp.dll
0x00007ffd53260000 - 0x00007ffd5330b000 	C:\WINDOWS\system32\uxtheme.dll
0x00007ffd58d20000 - 0x00007ffd58e7f000 	C:\WINDOWS\System32\MSCTF.dll
0x00007ffd53390000 - 0x00007ffd533c1000 	C:\WINDOWS\system32\DWMAPI.DLL
0x00007ffcc8e50000 - 0x00007ffcc8ed7000 	C:\Users\Admin\Desktop\Nam\oracleJdk-24\bin\freetype.dll
0x00007ffcc8d60000 - 0x00007ffcc8e47000 	C:\Users\Admin\Desktop\Nam\oracleJdk-24\bin\fontmanager.dll
0x00007ffd3f200000 - 0x00007ffd3f310000 	C:\WINDOWS\system32\opengl32.dll
0x00007ffd441b0000 - 0x00007ffd441dd000 	C:\WINDOWS\SYSTEM32\GLU32.dll
0x00007ffd533f0000 - 0x00007ffd53434000 	C:\WINDOWS\SYSTEM32\dxcore.dll
0x00007ffd52a60000 - 0x00007ffd52a6a000 	C:\Users\Admin\AppData\Local\Temp\flatlaf.temp\flatlaf-windows-x86_64-6460840518136000.dll
0x00007ffd58fa0000 - 0x00007ffd59050000 	C:\WINDOWS\System32\clbcatq.dll
0x00007ffd51490000 - 0x00007ffd516bf000 	C:\WINDOWS\SYSTEM32\WindowsCodecs.dll
0x00007ffd3baa0000 - 0x00007ffd3bafa000 	C:\WINDOWS\system32\dataexchange.dll
0x00007ffd4a060000 - 0x00007ffd4a2a4000 	C:\WINDOWS\system32\twinapi.appcore.dll
0x00007ffd42960000 - 0x00007ffd42967000 	C:\Users\Admin\Desktop\Nam\oracleJdk-24\bin\jawt.dll
0x00007ffd43ef0000 - 0x00007ffd44039000 	C:\WINDOWS\SYSTEM32\textinputframework.dll
0x00007ffd52920000 - 0x00007ffd52a47000 	C:\WINDOWS\SYSTEM32\CoreMessaging.dll
0x00007ffd4cc90000 - 0x00007ffd4cf72000 	C:\WINDOWS\SYSTEM32\CoreUIComponents.dll
0x00007ffd54f80000 - 0x00007ffd54f8c000 	C:\WINDOWS\SYSTEM32\CRYPTBASE.DLL
0x00007ffd54230000 - 0x00007ffd5435c000 	C:\WINDOWS\SYSTEM32\DNSAPI.dll
0x00007ffd541f0000 - 0x00007ffd54224000 	C:\WINDOWS\SYSTEM32\IPHLPAPI.DLL
0x00007ffd58300000 - 0x00007ffd5830a000 	C:\WINDOWS\System32\NSI.dll
0x00007ffd4ad20000 - 0x00007ffd4ad2b000 	C:\Windows\System32\rasadhlp.dll
0x00007ffd50910000 - 0x00007ffd50996000 	C:\WINDOWS\System32\fwpuclnt.dll
0x00007ffd3bbb0000 - 0x00007ffd3bbb9000 	C:\Users\Admin\Desktop\Nam\oracleJdk-24\bin\extnet.dll

JVMTI agents: none

dbghelp: loaded successfully - version: 4.0.5 - missing functions: none
symbol engine: initialized successfully - sym options: 0x614 - pdb path: .;C:\Users\Admin\Desktop\Nam\oracleJdk-24\bin;C:\WINDOWS\SYSTEM32;C:\WINDOWS\WinSxS\amd64_microsoft.windows.common-controls_6595b64144ccf1df_6.0.26100.7824_none_3e0870b2e3345462;C:\Users\Admin\Desktop\Nam\oracleJdk-24\bin\server;C:\Users\Admin\AppData\Local\Temp\flatlaf.temp

VM Arguments:
jvm_args: -Dfile.encoding=UTF-8 --module-path=C:\Users\Admin\Documents\NetBeansProjects\CHDT\build\classes 
java_command: TEST.MainApplication
java_class_path (initial): C:\Users\Admin\Downloads\a\KGradientPanel.jar;C:\Users\Admin\Downloads\a\commons-collections4-4.5.0.jar;C:\Users\Admin\Downloads\a\commons-compress-1.28.0.jar;C:\Users\Admin\Downloads\a\commons-io-2.21.0.jar;C:\Users\Admin\Downloads\a\flatlaf-3.7.jar;C:\Users\Admin\Downloads\a\flatlaf-extras-3.7.jar;C:\Users\Admin\Downloads\a\flatlaf-intellij-themes-3.7 (1).jar;C:\Users\Admin\Downloads\a\itextpdf-5.5.13.5.jar;C:\Users\Admin\Downloads\a\jakarta.activation-2.0.1.jar;C:\Users\Admin\Downloads\a\jakarta.mail-api-2.1.3.jar;C:\Users\Admin\Downloads\a\javax.mail-api-1.6.2.jar;C:\Users\Admin\Downloads\a\jcalendar-1.4.jar;C:\Users\Admin\Downloads\a\jfreechart-1.5.6 (1).jar;C:\Users\Admin\Downloads\a\log4j-api-2.25.3.jar;C:\Users\Admin\Downloads\a\log4j-core-2.25.3.jar;C:\Users\Admin\Downloads\a\mysql-connector-j-8.4.0.jar;C:\Users\Admin\Downloads\a\poi-5.5.1 (1).jar;C:\Users\Admin\Downloads\a\poi-ooxml-5.5.1.jar;C:\Users\Admin\Downloads\a\poi-ooxml-full-5.5.1.jar;C:\Users\Admin\Downloads\a\xmlbeans-5.3.0.jar;C:\Users\Admin\Documents\NetBeansProjects\CHDT\build\classes
Launcher Type: SUN_STANDARD

[Global flags]
     intx CICompilerCount                          = 4                                         {product} {ergonomic}
     uint ConcGCThreads                            = 2                                         {product} {ergonomic}
     uint G1ConcRefinementThreads                  = 8                                         {product} {ergonomic}
   size_t G1HeapRegionSize                         = 1048576                                   {product} {ergonomic}
   size_t InitialHeapSize                          = 132120576                                 {product} {ergonomic}
   size_t MarkStackSize                            = 4194304                                   {product} {ergonomic}
   size_t MarkStackSizeMax                         = 536870912                                 {product} {ergonomic}
   size_t MaxHeapSize                              = 2095054848                                {product} {ergonomic}
   size_t MaxNewSize                               = 1256194048                                {product} {ergonomic}
   size_t MinHeapDeltaBytes                        = 1048576                                   {product} {ergonomic}
   size_t MinHeapSize                              = 8388608                                   {product} {ergonomic}
    uintx NonNMethodCodeHeapSize                   = 5832704                                {pd product} {ergonomic}
    uintx NonProfiledCodeHeapSize                  = 122945536                              {pd product} {ergonomic}
    uintx ProfiledCodeHeapSize                     = 122880000                              {pd product} {ergonomic}
    uintx ReservedCodeCacheSize                    = 251658240                              {pd product} {ergonomic}
     bool SegmentedCodeCache                       = true                                      {product} {ergonomic}
   size_t SoftMaxHeapSize                          = 2095054848                             {manageable} {ergonomic}
     bool UseCompressedOops                        = true                           {product lp64_product} {ergonomic}
     bool UseG1GC                                  = true                                      {product} {ergonomic}
     bool UseLargePagesIndividualAllocation        = false                                  {pd product} {ergonomic}

Logging:
Log output configuration:
 #0: stdout all=warning uptime,level,tags foldmultilines=false
 #1: stderr all=off uptime,level,tags foldmultilines=false

Environment Variables:
PATH=C:\Program Files (x86)\VMware\VMware Workstation\bin\;C:\WINDOWS\system32;C:\WINDOWS;C:\WINDOWS\System32\Wbem;C:\WINDOWS\System32\WindowsPowerShell\v1.0\;C:\WINDOWS\System32\OpenSSH\;C:\Program Files (x86)\Microsoft SQL Server\160\Tools\Binn\;C:\Program Files\Microsoft SQL Server\160\Tools\Binn\;C:\Program Files\Microsoft SQL Server\Client SDK\ODBC\170\Tools\Binn\;C:\Program Files\Microsoft SQL Server\160\DTS\Binn\;C:\Users\Admin\Desktop\Nam\oracleJdk-24\bin;C:\Program Files\Git\cmd;C:\Users\Admin\AppData\Local\Microsoft\WindowsApps;C:\Users\Admin\AppData\Local\Programs\Microsoft VS Code\bin;C:\Users\Admin\AppData\Local\Python\bin
USERNAME=Admin
OS=Windows_NT
PROCESSOR_IDENTIFIER=Intel64 Family 6 Model 142 Stepping 11, GenuineIntel
TMP=C:\Users\Admin\AppData\Local\Temp
TEMP=C:\Users\Admin\AppData\Local\Temp




Periodic native trim disabled

---------------  S Y S T E M  ---------------

OS:
 Windows 11 , 64 bit Build 26100 (10.0.26100.7705)
OS uptime: 7 days 11:30 hours

CPU: total 8 (initial active 8) (4 cores per cpu, 2 threads per core) family 6 model 142 stepping 11 microcode 0xde, cx8, cmov, fxsr, ht, mmx, 3dnowpref, sse, sse2, sse3, ssse3, sse4.1, sse4.2, popcnt, lzcnt, tsc, tscinvbit, avx, avx2, aes, erms, clmul, bmi1, bmi2, adx, fma, vzeroupper, clflush, clflushopt, rdtscp, f16c
Processor Information for the first 8 processors :
  Max Mhz: 1800, Current Mhz: 1600, Mhz Limit: 1584

Memory: 4k page, system-wide physical 7990M (909M free)
TotalPageFile size 13366M (AvailPageFile size 3884M)
current process WorkingSet (physical memory assigned to process): 128M, peak: 128M
current process commit charge ("private bytes"): 237M, peak: 245M

vm_info: Java HotSpot(TM) 64-Bit Server VM (24.0.2+12-54) for windows-amd64 JRE (24.0.2+12-54), built on 2025-07-08T12:10:27Z with MS VC++ 17.6 (VS2022)

END.
